// Jest Snapshot v1, https://goo.gl/fbAQLP

exports[`ContextMenu component renders correctly when show is true 1`] = `
<div>
  <div
    class="context-menu"
  >
    <button
      class="context-menu__item"
    >
      Edit
    </button>
    <button
      class="context-menu__item"
    >
      Delete
    </button>
  </div>
</div>
`;

exports[`MovieTile component renders correctly 1`] = `
<div>
  <div
    class="movie-tile"
  >
    <img
      alt="Mock Movie"
      class="movie-tile__image"
      src="https://image.tmdb.org/t/p/w185/mock-poster.jpg"
    />
    <div
      class="movie-tile__info"
    >
      <h2
        class="movie-tile__title"
      >
        Mock Movie
      </h2>
      <p
        class="movie-tile__year"
      >
        2022-01-01
      </p>
      <p
        class="movie-tile__genres"
      >
        Action, Adventure
      </p>
      <p
        class="movie-tile__rating"
      >
        Rating: 
        7.5
      </p>
      <p
        class="movie-tile__duration"
      >
        Duration: 
        120
         min
      </p>
      <p
        class="movie-tile__description"
      >
        This is a mock movie.
      </p>
    </div>
    <div
      class="movie-tile__context-menu-wrapper"
    >
      <button
        aria-label="context menu"
        class="movie-tile__context-menu-toggle"
      >
        â€¦
      </button>
    </div>
  </div>
</div>
`;
