// Jest Snapshot v1, https://goo.gl/fbAQLP

exports[`MovieTile matches the snapshot 1`] = `
<DocumentFragment>
  <div
    class="movie-tile"
  >
    <img
      alt="Test Movie"
      class="movie-tile__image"
      src="https://image.tmdb.org/t/p/w185/test_poster.jpg"
    />
    <div
      class="movie-tile__info"
    >
      <h2
        class="movie-tile__title"
      >
        Test Movie
      </h2>
      <p
        class="movie-tile__year"
      >
        2022-03-27
      </p>
      <p
        class="movie-tile__genres"
      >
        Action, Adventure
      </p>
      <p
        class="movie-tile__rating"
      >
        Rating: 7.5
      </p>
      <p
        class="movie-tile__duration"
      >
        Duration: 120 min
      </p>
      <p
        class="movie-tile__description"
      >
        This is a test movie description.
      </p>
    </div>
    <button
      class="movie-tile__context-menu-toggle"
    >
      â€¦
    </button>
  </div>
</DocumentFragment>
`;
